System,System,System,System,System,System,System,System,System,System,System,System,System,System,System,System,System,System,System,System,System,System,System Core C-States,System Core C-States,System Core C-States,System Core C-States,System Core C-States,System Pack C-States,System Pack C-States,System Pack C-States,System Pack C-States,System Pack C-States,System Pack C-States,System Pack C-States,System Pack C-States,System,System,System,Socket 0,Socket 0,Socket 0,Socket 0,Socket 0,Socket 0,Socket 0,Socket 0,Socket 0,Socket 0,Socket 0,Socket 0,Socket 0,Socket 0,Socket 0,Socket 0,Socket 0,Socket 0,Socket 0,Socket 0,Socket 0,Socket 0,Socket 0,Socket 0,SKT0 Core C-State,SKT0 Core C-State,SKT0 Core C-State,SKT0 Core C-State,SKT0 Core C-State,SKT0 Package C-State,SKT0 Package C-State,SKT0 Package C-State,SKT0 Package C-State,SKT0 Package C-State,SKT0 Package C-State,SKT0 Package C-State,SKT0 Package C-State,Proc Energy (Joules),Power Plane 0 Energy (Joules),Power Plane 1 Energy (Joules),Core0 (Socket 0),Core0 (Socket 0),Core0 (Socket 0),Core0 (Socket 0),Core0 (Socket 0),Core0 (Socket 0),Core0 (Socket 0),Core0 (Socket 0),Core0 (Socket 0),Core0 (Socket 0),Core0 (Socket 0),Core0 (Socket 0),Core0 (Socket 0),Core0 (Socket 0),Core0 (Socket 0),Core0 (Socket 0),Core0 (Socket 0),Core0 (Socket 0),Core0 (Socket 0),Core0 (Socket 0),Core0 (Socket 0),Core0 (Socket 0),Core0 (Socket 0),Core0 (Socket 0),Core1 (Socket 0),Core1 (Socket 0),Core1 (Socket 0),Core1 (Socket 0),Core1 (Socket 0),Core1 (Socket 0),Core1 (Socket 0),Core1 (Socket 0),Core1 (Socket 0),Core1 (Socket 0),Core1 (Socket 0),Core1 (Socket 0),Core1 (Socket 0),Core1 (Socket 0),Core1 (Socket 0),Core1 (Socket 0),Core1 (Socket 0),Core1 (Socket 0),Core1 (Socket 0),Core1 (Socket 0),Core1 (Socket 0),Core1 (Socket 0),Core1 (Socket 0),Core1 (Socket 0),Core2 (Socket 0),Core2 (Socket 0),Core2 (Socket 0),Core2 (Socket 0),Core2 (Socket 0),Core2 (Socket 0),Core2 (Socket 0),Core2 (Socket 0),Core2 (Socket 0),Core2 (Socket 0),Core2 (Socket 0),Core2 (Socket 0),Core2 (Socket 0),Core2 (Socket 0),Core2 (Socket 0),Core2 (Socket 0),Core2 (Socket 0),Core2 (Socket 0),Core2 (Socket 0),Core2 (Socket 0),Core2 (Socket 0),Core2 (Socket 0),Core2 (Socket 0),Core2 (Socket 0),Core3 (Socket 0),Core3 (Socket 0),Core3 (Socket 0),Core3 (Socket 0),Core3 (Socket 0),Core3 (Socket 0),Core3 (Socket 0),Core3 (Socket 0),Core3 (Socket 0),Core3 (Socket 0),Core3 (Socket 0),Core3 (Socket 0),Core3 (Socket 0),Core3 (Socket 0),Core3 (Socket 0),Core3 (Socket 0),Core3 (Socket 0),Core3 (Socket 0),Core3 (Socket 0),Core3 (Socket 0),Core3 (Socket 0),Core3 (Socket 0),Core3 (Socket 0),Core3 (Socket 0),Core4 (Socket 0),Core4 (Socket 0),Core4 (Socket 0),Core4 (Socket 0),Core4 (Socket 0),Core4 (Socket 0),Core4 (Socket 0),Core4 (Socket 0),Core4 (Socket 0),Core4 (Socket 0),Core4 (Socket 0),Core4 (Socket 0),Core4 (Socket 0),Core4 (Socket 0),Core4 (Socket 0),Core4 (Socket 0),Core4 (Socket 0),Core4 (Socket 0),Core4 (Socket 0),Core4 (Socket 0),Core4 (Socket 0),Core4 (Socket 0),Core4 (Socket 0),Core4 (Socket 0),Core5 (Socket 0),Core5 (Socket 0),Core5 (Socket 0),Core5 (Socket 0),Core5 (Socket 0),Core5 (Socket 0),Core5 (Socket 0),Core5 (Socket 0),Core5 (Socket 0),Core5 (Socket 0),Core5 (Socket 0),Core5 (Socket 0),Core5 (Socket 0),Core5 (Socket 0),Core5 (Socket 0),Core5 (Socket 0),Core5 (Socket 0),Core5 (Socket 0),Core5 (Socket 0),Core5 (Socket 0),Core5 (Socket 0),Core5 (Socket 0),Core5 (Socket 0),Core5 (Socket 0),Core6 (Socket 0),Core6 (Socket 0),Core6 (Socket 0),Core6 (Socket 0),Core6 (Socket 0),Core6 (Socket 0),Core6 (Socket 0),Core6 (Socket 0),Core6 (Socket 0),Core6 (Socket 0),Core6 (Socket 0),Core6 (Socket 0),Core6 (Socket 0),Core6 (Socket 0),Core6 (Socket 0),Core6 (Socket 0),Core6 (Socket 0),Core6 (Socket 0),Core6 (Socket 0),Core6 (Socket 0),Core6 (Socket 0),Core6 (Socket 0),Core6 (Socket 0),Core6 (Socket 0),Core7 (Socket 0),Core7 (Socket 0),Core7 (Socket 0),Core7 (Socket 0),Core7 (Socket 0),Core7 (Socket 0),Core7 (Socket 0),Core7 (Socket 0),Core7 (Socket 0),Core7 (Socket 0),Core7 (Socket 0),Core7 (Socket 0),Core7 (Socket 0),Core7 (Socket 0),Core7 (Socket 0),Core7 (Socket 0),Core7 (Socket 0),Core7 (Socket 0),Core7 (Socket 0),Core7 (Socket 0),Core7 (Socket 0),Core7 (Socket 0),Core7 (Socket 0),Core7 (Socket 0),
Date,Time,EXEC,IPC,FREQ,AFREQ,CFREQ,L3MISS,L2MISS,L3HIT,L2HIT,L3MPI,L2MPI,READ,WRITE,INST,ACYC,TIME(ticks),PhysIPC,PhysIPC%,INSTnom,INSTnom%,C0res%,C1res%,C3res%,C6res%,C7res%,C0res%,C2res%,C3res%,C6res%,C7res%,C8res%,C9res%,C10res%,Proc Energy (Joules),Power Plane 0 Energy (Joules),Power Plane 1 Energy (Joules),EXEC,IPC,FREQ,AFREQ,CFREQ,L3MISS,L2MISS,L3HIT,L2HIT,L3MPI,L2MPI,READ,WRITE,IO,IA,GT,TEMP,INST,ACYC,TIME(ticks),PhysIPC,PhysIPC%,INSTnom,INSTnom%,C0res%,C1res%,C3res%,C6res%,C7res%,C0res%,C2res%,C3res%,C6res%,C7res%,C8res%,C9res%,C10res%,SKT0,SKT0,SKT0,EXEC,IPC,FREQ,AFREQ,CFREQ,L3MISS,L2MISS,L3HIT,L2HIT,L3MPI,L2MPI,C0res%,C1res%,C3res%,C6res%,C7res%,TEMP,INST,ACYC,TIME(ticks),PhysIPC,PhysIPC%,INSTnom,INSTnom%,EXEC,IPC,FREQ,AFREQ,CFREQ,L3MISS,L2MISS,L3HIT,L2HIT,L3MPI,L2MPI,C0res%,C1res%,C3res%,C6res%,C7res%,TEMP,INST,ACYC,TIME(ticks),PhysIPC,PhysIPC%,INSTnom,INSTnom%,EXEC,IPC,FREQ,AFREQ,CFREQ,L3MISS,L2MISS,L3HIT,L2HIT,L3MPI,L2MPI,C0res%,C1res%,C3res%,C6res%,C7res%,TEMP,INST,ACYC,TIME(ticks),PhysIPC,PhysIPC%,INSTnom,INSTnom%,EXEC,IPC,FREQ,AFREQ,CFREQ,L3MISS,L2MISS,L3HIT,L2HIT,L3MPI,L2MPI,C0res%,C1res%,C3res%,C6res%,C7res%,TEMP,INST,ACYC,TIME(ticks),PhysIPC,PhysIPC%,INSTnom,INSTnom%,EXEC,IPC,FREQ,AFREQ,CFREQ,L3MISS,L2MISS,L3HIT,L2HIT,L3MPI,L2MPI,C0res%,C1res%,C3res%,C6res%,C7res%,TEMP,INST,ACYC,TIME(ticks),PhysIPC,PhysIPC%,INSTnom,INSTnom%,EXEC,IPC,FREQ,AFREQ,CFREQ,L3MISS,L2MISS,L3HIT,L2HIT,L3MPI,L2MPI,C0res%,C1res%,C3res%,C6res%,C7res%,TEMP,INST,ACYC,TIME(ticks),PhysIPC,PhysIPC%,INSTnom,INSTnom%,EXEC,IPC,FREQ,AFREQ,CFREQ,L3MISS,L2MISS,L3HIT,L2HIT,L3MPI,L2MPI,C0res%,C1res%,C3res%,C6res%,C7res%,TEMP,INST,ACYC,TIME(ticks),PhysIPC,PhysIPC%,INSTnom,INSTnom%,EXEC,IPC,FREQ,AFREQ,CFREQ,L3MISS,L2MISS,L3HIT,L2HIT,L3MPI,L2MPI,C0res%,C1res%,C3res%,C6res%,C7res%,TEMP,INST,ACYC,TIME(ticks),PhysIPC,PhysIPC%,INSTnom,INSTnom%,
2024-03-07,00:42:01.534,0.07,0.64,0.10,0.74,1.55,2.78,10.19,0.68,0.47,0.0013,0.0046,2.47,0.53,2209.94,3438.72,4243.46,1.29,32.13,0.13,3.26,13.70,15.59,0.62,0.00,70.09,53.29,17.62,3.20,2.82,3.40,19.68,0.00,0.00,5.42,0.00,0.00,0.07,0.64,0.10,0.74,1.55,2.78,10.19,0.68,0.47,0.0013,0.0046,2.47,0.53,0.14,2.84,0.02,46,2209.94,3438.72,4243.46,1.29,32.13,0.13,3.26,13.70,15.59,0.62,0.00,70.09,53.29,17.62,3.20,2.82,3.40,19.68,0.00,0.00,5.42,3.89,0.01,0.06,0.61,0.10,0.72,1.52,0.36,1.20,0.67,0.43,0.0013,0.0044,14.39,13.99,0.46,0.00,71.16,46,270.71,441.63,4243.46,1.23,30.65,0.13,3.19,0.05,0.59,0.08,0.72,1.51,0.28,1.03,0.67,0.46,0.0014,0.0050,11.50,16.87,0.46,0.00,71.16,46,204.85,349.85,4243.46,1.17,29.28,0.10,2.41,0.10,0.73,0.14,0.77,1.62,0.41,1.63,0.69,0.50,0.0009,0.0037,18.57,13.30,0.08,0.00,68.06,47,443.72,607.04,4243.46,1.46,36.55,0.21,5.23,0.06,0.71,0.09,0.73,1.54,0.30,1.09,0.70,0.52,0.0011,0.0040,12.30,19.57,0.08,0.00,68.05,47,272.85,383.53,4243.46,1.42,35.57,0.13,3.21,0.06,0.64,0.10,0.72,1.51,0.34,1.30,0.70,0.46,0.0012,0.0048,13.91,11.67,1.24,0.00,73.18,47,272.96,423.62,4243.46,1.29,32.22,0.13,3.22,0.04,0.47,0.07,0.74,1.55,0.27,1.11,0.69,0.42,0.0018,0.0075,10.08,15.50,1.24,0.00,73.18,47,148.77,315.15,4243.46,0.94,23.60,0.07,1.75,0.10,0.66,0.15,0.78,1.64,0.56,1.97,0.64,0.46,0.0014,0.0048,18.69,12.63,0.69,0.00,67.99,46,407.20,618.18,4243.46,1.32,32.94,0.19,4.80,0.04,0.63,0.07,0.70,1.46,0.26,0.85,0.66,0.50,0.0014,0.0045,10.16,21.16,0.69,0.00,67.99,46,188.88,299.71,4243.46,1.26,31.51,0.09,2.23,
2024-03-07,00:42:03.538,0.02,0.34,0.06,0.51,1.08,2.35,6.77,0.61,0.39,0.0033,0.0096,2.42,0.47,706.99,2086.62,4230.26,0.68,16.94,0.04,1.04,11.99,14.28,0.27,0.00,73.46,49.80,22.90,3.18,5.39,1.68,17.06,0.00,0.00,3.42,0.00,0.00,0.02,0.34,0.06,0.51,1.08,2.35,6.77,0.61,0.39,0.0033,0.0096,2.42,0.47,0.15,2.71,0.03,45,706.99,2086.62,4230.26,0.68,16.94,0.04,1.04,11.99,14.28,0.27,0.00,73.46,49.80,22.90,3.18,5.39,1.68,17.06,0.00,0.00,3.42,1.90,0.01,0.02,0.27,0.08,0.50,1.06,0.41,1.01,0.55,0.37,0.0046,0.0114,15.64,11.24,0.24,0.00,72.89,45,88.98,332.45,4230.26,0.54,13.38,0.04,1.05,0.01,0.31,0.04,0.51,1.07,0.21,0.57,0.60,0.41,0.0037,0.0099,8.73,18.16,0.24,0.00,72.88,45,57.24,187.52,4230.26,0.61,15.26,0.03,0.68,0.03,0.35,0.07,0.51,1.07,0.33,1.03,0.64,0.39,0.0031,0.0095,14.37,10.52,0.00,0.00,75.10,46,108.45,308.90,4230.26,0.70,17.55,0.05,1.28,0.02,0.35,0.05,0.52,1.09,0.17,0.64,0.71,0.41,0.0024,0.0091,9.07,15.82,0.00,0.00,75.12,46,70.39,199.24,4230.26,0.71,17.66,0.03,0.83,0.03,0.36,0.07,0.51,1.08,0.34,1.02,0.62,0.38,0.0032,0.0096,13.45,11.67,0.00,0.00,74.88,45,106.03,291.74,4230.26,0.73,18.17,0.05,1.25,0.02,0.37,0.05,0.55,1.15,0.24,0.74,0.64,0.39,0.0029,0.0088,9.69,15.45,0.00,0.00,74.85,45,83.23,223.81,4230.26,0.74,18.59,0.04,0.98,0.02,0.31,0.08,0.50,1.06,0.41,1.13,0.59,0.38,0.0039,0.0109,15.69,12.50,0.85,0.00,70.97,45,104.03,334.81,4230.26,0.62,15.54,0.05,1.23,0.02,0.43,0.05,0.53,1.12,0.24,0.64,0.59,0.43,0.0027,0.0072,9.26,18.89,0.85,0.00,71.00,45,88.64,208.16,4230.26,0.85,21.29,0.04,1.05,
2024-03-07,00:42:05.552,0.19,0.67,0.29,0.84,1.75,8.76,30.41,0.69,0.55,0.0013,0.0046,6.06,1.47,6602.66,9837.55,4253.99,1.34,33.56,0.39,9.70,34.61,17.35,0.10,0.00,47.95,67.17,10.92,1.08,2.25,0.23,18.35,0.00,0.00,8.80,0.00,0.00,0.19,0.67,0.29,0.84,1.75,8.76,30.41,0.69,0.55,0.0013,0.0046,6.06,1.47,0.40,6.62,0.50,47,6602.66,9837.55,4253.99,1.34,33.56,0.39,9.70,34.61,17.35,0.10,0.00,47.95,67.17,10.92,1.08,2.25,0.23,18.35,0.00,0.00,8.80,6.85,0.10,0.17,0.59,0.28,0.82,1.73,1.06,3.71,0.69,0.52,0.0015,0.0052,34.49,17.01,0.00,0.00,48.50,47,714.72,1205.99,4253.99,1.19,29.63,0.34,8.40,0.17,0.64,0.26,0.82,1.73,0.95,3.58,0.71,0.54,0.0013,0.0050,32.14,19.35,0.00,0.00,48.50,47,721.23,1126.86,4253.99,1.28,32.00,0.34,8.48,0.20,0.67,0.31,0.83,1.75,1.10,4.05,0.70,0.55,0.0013,0.0046,37.03,15.88,0.20,0.00,46.89,49,872.11,1310.78,4253.99,1.33,33.27,0.41,10.25,0.20,0.72,0.28,0.85,1.80,0.92,3.56,0.72,0.58,0.0011,0.0042,32.75,20.15,0.20,0.00,46.89,49,854.25,1191.55,4253.99,1.43,35.85,0.40,10.04,0.19,0.64,0.29,0.82,1.71,1.22,4.20,0.68,0.51,0.0015,0.0053,35.86,16.04,0.00,0.00,48.10,48,796.28,1245.67,4253.99,1.28,31.96,0.37,9.36,0.20,0.71,0.29,0.86,1.80,1.14,3.74,0.67,0.56,0.0013,0.0043,33.57,18.31,0.00,0.00,48.11,48,871.70,1224.83,4253.99,1.42,35.58,0.41,10.25,0.21,0.70,0.31,0.82,1.73,1.26,3.89,0.65,0.56,0.0014,0.0043,37.41,14.10,0.18,0.00,48.31,48,909.48,1308.01,4253.99,1.39,34.77,0.43,10.69,0.20,0.71,0.29,0.86,1.80,1.10,3.67,0.68,0.56,0.0013,0.0042,33.61,17.92,0.18,0.00,48.29,48,862.88,1223.87,4253.99,1.41,35.25,0.41,10.14,
2024-03-07,00:42:07.560,0.13,0.64,0.20,0.85,1.78,6.36,23.33,0.70,0.48,0.0015,0.0054,5.08,1.02,4349.00,6810.75,4241.45,1.28,31.93,0.26,6.41,23.72,21.75,1.48,0.00,53.05,73.53,10.21,1.77,4.04,3.63,6.81,0.00,0.00,8.88,0.00,0.00,0.13,0.64,0.20,0.85,1.78,6.36,23.33,0.70,0.48,0.0015,0.0054,5.08,1.02,0.55,5.03,0.49,46,4349.00,6810.75,4241.45,1.28,31.93,0.26,6.41,23.72,21.75,1.48,0.00,53.05,73.53,10.21,1.77,4.04,3.63,6.81,0.00,0.00,8.88,6.78,0.09,0.13,0.56,0.22,0.85,1.78,0.77,2.88,0.70,0.46,0.0015,0.0054,26.46,18.33,0.41,0.00,54.79,46,530.43,949.18,4241.45,1.12,27.94,0.25,6.25,0.10,0.62,0.17,0.85,1.78,0.70,2.47,0.68,0.48,0.0016,0.0056,19.85,24.94,0.41,0.00,54.79,46,440.14,713.05,4241.45,1.23,30.86,0.21,5.19,0.16,0.69,0.24,0.88,1.84,0.76,3.30,0.75,0.51,0.0011,0.0047,27.32,21.46,2.31,0.00,48.92,48,698.83,1016.37,4241.45,1.38,34.38,0.33,8.24,0.16,0.73,0.22,0.87,1.83,0.87,3.22,0.70,0.52,0.0013,0.0047,25.17,23.60,2.31,0.00,48.92,48,678.45,928.00,4241.45,1.46,36.55,0.32,8.00,0.11,0.56,0.20,0.83,1.74,0.92,3.01,0.67,0.45,0.0020,0.0065,23.57,16.07,1.44,0.00,58.92,47,460.68,829.90,4241.45,1.11,27.76,0.22,5.43,0.10,0.64,0.15,0.85,1.78,0.54,2.10,0.71,0.47,0.0013,0.0051,17.88,21.76,1.44,0.00,58.92,47,413.41,644.21,4241.45,1.28,32.09,0.19,4.87,0.14,0.64,0.22,0.83,1.74,0.80,3.30,0.72,0.46,0.0013,0.0055,26.67,22.04,1.74,0.00,49.55,47,596.61,936.89,4241.45,1.27,31.84,0.28,7.03,0.13,0.67,0.19,0.82,1.72,1.00,3.06,0.63,0.47,0.0019,0.0058,22.88,25.84,1.74,0.00,49.55,47,530.44,793.16,4241.45,1.34,33.44,0.25,6.25,
2024-03-07,00:42:09.576,0.21,0.86,0.25,0.81,1.70,5.20,23.10,0.75,0.65,0.0007,0.0032,4.17,0.95,7205.70,8422.79,4229.04,1.71,42.78,0.43,10.64,30.65,21.84,0.25,0.00,47.27,76.15,12.07,1.21,1.35,0.78,8.43,0.00,0.00,9.00,0.00,0.00,0.21,0.86,0.25,0.81,1.70,5.20,23.10,0.75,0.65,0.0007,0.0032,4.17,0.95,0.20,4.91,0.01,45,7205.70,8422.79,4229.04,1.71,42.78,0.43,10.64,30.65,21.84,0.25,0.00,47.27,76.15,12.07,1.21,1.35,0.78,8.43,0.00,0.00,9.00,6.96,0.01,0.15,0.65,0.24,0.76,1.60,0.70,2.82,0.73,0.58,0.0011,0.0044,30.99,17.03,0.94,0.00,51.04,45,647.45,997.14,4229.04,1.30,32.47,0.31,7.65,0.20,0.92,0.22,0.83,1.74,0.57,2.51,0.76,0.62,0.0007,0.0030,26.46,21.55,0.94,0.00,51.05,45,850.41,925.59,4229.04,1.84,45.94,0.40,10.06,0.22,0.83,0.27,0.80,1.67,0.73,3.21,0.74,0.62,0.0008,0.0034,33.65,20.63,0.08,0.00,45.64,41,949.18,1139.28,4229.04,1.67,41.66,0.45,11.15,0.22,0.93,0.24,0.84,1.76,0.62,2.68,0.74,0.64,0.0007,0.0029,28.42,25.55,0.08,0.00,45.96,45,936.98,1005.92,4229.04,1.86,46.57,0.44,11.08,0.21,0.78,0.27,0.81,1.69,0.75,3.14,0.73,0.64,0.0009,0.0036,32.91,18.43,0.00,0.00,48.66,45,877.10,1122.87,4229.04,1.56,39.06,0.41,10.37,0.23,0.99,0.23,0.84,1.77,0.47,2.44,0.80,0.69,0.0005,0.0025,27.73,23.61,0.00,0.00,48.66,45,974.61,987.65,4229.04,1.97,49.34,0.46,11.52,0.26,0.89,0.29,0.80,1.69,0.65,3.39,0.79,0.68,0.0006,0.0031,36.12,20.31,0.00,0.00,43.57,45,1089.51,1227.21,4229.04,1.78,44.39,0.52,12.88,0.21,0.87,0.24,0.83,1.75,0.72,2.91,0.73,0.68,0.0008,0.0033,28.85,27.58,0.00,0.00,43.57,45,880.45,1017.13,4229.04,1.73,43.28,0.42,10.41,
2024-03-07,00:42:11.573,0.30,0.79,0.38,0.84,1.77,11.65,37.36,0.67,0.56,0.0012,0.0037,8.50,1.99,10086.94,12770.48,4246.88,1.58,39.49,0.59,14.86,44.52,25.66,0.04,0.00,29.78,90.04,4.27,0.59,0.25,2.93,1.93,0.00,0.00,12.78,0.00,0.00,0.30,0.79,0.38,0.84,1.77,11.65,37.36,0.67,0.56,0.0012,0.0037,8.50,1.99,0.75,8.87,0.82,41,10086.94,12770.48,4246.88,1.58,39.49,0.59,14.86,44.52,25.66,0.04,0.00,29.78,90.04,4.27,0.59,0.25,2.93,1.93,0.00,0.00,12.78,10.32,0.17,0.26,0.66,0.39,0.83,1.74,1.46,5.06,0.69,0.52,0.0013,0.0046,46.77,20.05,0.00,0.00,33.18,44,1088.98,1643.90,4246.88,1.32,33.12,0.51,12.82,0.23,0.72,0.31,0.85,1.78,1.11,3.87,0.69,0.53,0.0012,0.0040,36.88,29.94,0.00,0.00,33.17,44,962.26,1328.21,4246.88,1.45,36.22,0.45,11.33,0.36,0.85,0.42,0.84,1.76,1.64,5.22,0.66,0.55,0.0011,0.0034,50.62,18.11,0.03,0.00,31.24,42,1529.46,1792.77,4246.88,1.71,42.66,0.73,18.13,0.29,0.80,0.36,0.87,1.83,1.34,4.35,0.67,0.57,0.0011,0.0035,41.58,27.36,0.03,0.00,31.03,42,1233.72,1542.03,4246.88,1.60,40.00,0.58,14.52,0.36,0.86,0.42,0.84,1.75,1.59,5.32,0.68,0.58,0.0010,0.0035,50.36,18.04,0.03,0.00,31.57,41,1533.88,1787.20,4246.88,1.72,42.91,0.72,18.06,0.22,0.71,0.32,0.85,1.78,1.28,3.92,0.65,0.55,0.0013,0.0041,37.23,31.16,0.03,0.00,31.57,41,953.73,1338.40,4246.88,1.43,35.63,0.45,11.23,0.38,0.86,0.44,0.86,1.81,1.73,5.43,0.66,0.58,0.0011,0.0034,51.01,25.65,0.08,0.00,23.25,45,1610.83,1864.70,4246.88,1.73,43.19,0.76,18.96,0.28,0.80,0.35,0.83,1.74,1.50,4.19,0.62,0.57,0.0013,0.0036,41.77,34.90,0.08,0.00,23.25,45,1174.08,1473.27,4246.88,1.59,39.85,0.55,13.82,
2024-03-07,00:42:13.574,0.09,0.68,0.13,0.80,1.68,3.44,14.14,0.72,0.49,0.0011,0.0046,2.91,0.70,3073.85,4505.50,4227.38,1.36,34.11,0.18,4.55,16.66,19.05,1.60,0.00,62.69,62.61,12.71,4.52,2.39,3.77,14.00,0.00,0.00,6.68,0.00,0.00,0.09,0.68,0.13,0.80,1.68,3.44,14.14,0.72,0.49,0.0011,0.0046,2.91,0.70,0.19,3.20,0.21,46,3073.85,4505.50,4227.38,1.36,34.11,0.18,4.55,16.66,19.05,1.60,0.00,62.69,62.61,12.71,4.52,2.39,3.77,14.00,0.00,0.00,6.68,5.00,0.03,0.09,0.63,0.15,0.82,1.71,0.47,1.99,0.73,0.48,0.0012,0.0052,17.81,15.87,0.77,0.00,65.55,46,385.48,613.98,4227.38,1.26,31.39,0.18,4.56,0.10,0.84,0.12,0.85,1.79,0.43,1.62,0.69,0.53,0.0010,0.0038,14.28,19.39,0.77,0.00,65.56,46,431.47,514.60,4227.38,1.68,41.92,0.20,5.10,0.12,0.68,0.18,0.83,1.75,0.57,2.40,0.73,0.51,0.0011,0.0046,21.71,22.39,2.37,0.00,53.53,48,517.04,765.05,4227.38,1.35,33.79,0.24,6.12,0.11,0.78,0.14,0.79,1.67,0.42,1.76,0.72,0.53,0.0009,0.0039,17.10,27.02,2.37,0.00,53.51,48,446.67,573.76,4227.38,1.56,38.92,0.21,5.28,0.09,0.61,0.14,0.78,1.64,0.43,2.06,0.75,0.45,0.0012,0.0055,18.36,14.86,1.32,0.00,65.46,48,372.41,607.06,4227.38,1.23,30.67,0.18,4.40,0.05,0.58,0.09,0.73,1.53,0.25,1.21,0.77,0.47,0.0012,0.0057,11.80,21.42,1.32,0.00,65.46,48,211.18,363.81,4227.38,1.16,29.02,0.10,2.50,0.08,0.60,0.14,0.77,1.61,0.44,1.70,0.71,0.47,0.0013,0.0049,17.76,14.08,1.92,0.00,66.24,48,346.21,574.81,4227.38,1.20,30.11,0.16,4.10,0.09,0.74,0.12,0.80,1.69,0.43,1.41,0.66,0.50,0.0012,0.0039,14.48,17.36,1.92,0.00,66.24,48,363.40,492.42,4227.38,1.48,36.90,0.17,4.30,
2024-03-07,00:42:15.582,0.19,0.78,0.24,1.00,2.11,5.71,22.08,0.72,0.60,0.0009,0.0035,5.27,1.40,6294.96,8046.16,4239.57,1.56,39.12,0.37,9.28,23.61,23.44,2.12,0.00,50.83,73.14,10.63,2.22,2.85,0.58,10.58,0.00,0.00,11.58,0.00,0.00,0.19,0.78,0.24,1.00,2.11,5.71,22.08,0.72,0.60,0.0009,0.0035,5.27,1.40,0.48,5.12,1.01,46,6294.96,8046.16,4239.57,1.56,39.12,0.37,9.28,23.61,23.44,2.12,0.00,50.83,73.14,10.63,2.22,2.85,0.58,10.58,0.00,0.00,11.58,9.60,0.14,0.21,0.75,0.28,1.02,2.14,0.89,3.67,0.73,0.68,0.0010,0.0041,27.33,19.11,0.26,0.00,53.29,46,886.73,1181.04,4239.57,1.50,37.54,0.42,10.46,0.14,0.79,0.17,0.97,2.04,0.56,2.15,0.71,0.49,0.0010,0.0037,17.95,28.49,0.26,0.00,53.30,46,582.75,738.31,4239.57,1.58,39.47,0.27,6.87,0.15,0.62,0.24,0.95,1.99,0.95,3.29,0.68,0.51,0.0015,0.0053,25.23,17.74,1.16,0.00,55.87,47,623.95,1014.34,4239.57,1.23,30.76,0.29,7.36,0.16,0.77,0.20,1.00,2.11,0.58,2.36,0.73,0.57,0.0009,0.0036,20.28,22.69,1.16,0.00,55.87,47,665.50,862.97,4239.57,1.54,38.56,0.31,7.85,0.20,0.76,0.26,0.97,2.04,0.86,3.24,0.71,0.53,0.0010,0.0038,26.97,21.75,3.92,0.00,47.37,47,847.82,1112.44,4239.57,1.52,38.11,0.40,10.00,0.22,0.93,0.24,1.10,2.31,0.47,2.05,0.75,0.71,0.0005,0.0022,21.95,26.77,3.92,0.00,47.36,47,945.88,1021.42,4239.57,1.85,46.30,0.45,11.16,0.25,0.85,0.29,1.04,2.19,0.67,2.82,0.73,0.65,0.0006,0.0027,27.71,22.38,3.15,0.00,46.77,47,1039.91,1224.21,4239.57,1.70,42.47,0.49,12.26,0.17,0.79,0.21,0.98,2.05,0.73,2.49,0.67,0.54,0.0010,0.0035,21.49,28.60,3.15,0.00,46.77,47,702.43,891.43,4239.57,1.58,39.40,0.33,8.28,
2024-03-07,00:42:17.591,0.23,0.71,0.32,0.82,1.72,11.09,36.07,0.66,0.53,0.0014,0.0047,7.76,1.75,7739.47,10976.18,4243.20,1.41,35.26,0.46,11.40,39.51,24.35,0.72,0.00,35.42,85.65,4.61,3.12,0.94,4.69,0.99,0.00,0.00,11.83,0.00,0.00,0.23,0.71,0.32,0.82,1.72,11.09,36.07,0.66,0.53,0.0014,0.0047,7.76,1.75,0.83,7.83,0.82,46,7739.47,10976.18,4243.20,1.41,35.26,0.46,11.40,39.51,24.35,0.72,0.00,35.42,85.65,4.61,3.12,0.94,4.69,0.99,0.00,0.00,11.83,9.10,0.17,0.21,0.63,0.33,0.81,1.71,1.22,4.55,0.70,0.52,0.0014,0.0051,40.62,23.18,0.35,0.00,35.86,46,888.12,1400.95,4243.20,1.27,31.70,0.42,10.47,0.19,0.69,0.28,0.79,1.67,1.08,3.81,0.69,0.51,0.0013,0.0047,35.16,28.64,0.35,0.00,35.85,46,818.64,1183.12,4243.20,1.38,34.60,0.39,9.65,0.28,0.74,0.38,0.84,1.76,1.58,5.22,0.67,0.56,0.0013,0.0044,44.85,22.55,0.57,0.00,32.03,46,1180.57,1592.59,4243.20,1.48,37.06,0.56,13.91,0.26,0.80,0.33,0.83,1.75,1.21,4.32,0.69,0.55,0.0011,0.0039,39.26,28.14,0.57,0.00,32.03,46,1109.80,1384.92,4243.20,1.60,40.07,0.52,13.08,0.21,0.63,0.33,0.80,1.69,1.45,4.86,0.67,0.50,0.0017,0.0055,40.83,20.01,0.87,0.00,38.29,46,876.23,1393.32,4243.20,1.26,31.44,0.41,10.32,0.20,0.70,0.29,0.83,1.73,1.26,4.12,0.67,0.54,0.0015,0.0048,35.14,25.69,0.87,0.00,38.29,46,861.26,1231.81,4243.20,1.40,34.96,0.41,10.15,0.25,0.72,0.35,0.85,1.78,1.44,4.58,0.66,0.55,0.0013,0.0043,40.90,22.48,1.10,0.00,35.51,47,1064.67,1469.68,4243.20,1.45,36.22,0.50,12.54,0.22,0.71,0.31,0.79,1.66,1.85,4.60,0.57,0.51,0.0020,0.0049,39.32,24.07,1.10,0.00,35.51,47,940.18,1319.79,4243.20,1.42,35.62,0.44,11.08,